># a line comment
#^ source.knut comment.line.number-sign.knut punctuation.definition.comment.knut
# ^^^^^^^^^^^^^^^ source.knut comment.line.number-sign.knut
>// another line comment
#^^ source.knut comment.line.double-slash.knut punctuation.definition.comment.knut
#  ^^^^^^^^^^^^^^^^^^^^^ source.knut comment.line.double-slash.knut
>* a heading, which the outline view picks up
#^ source.knut comment.line.asterisk.knut punctuation.definition.comment.knut
# ^^^^^^^^^^^^^^^^^^^^^^^^^^^^^^^^^^^^^^^^^^^ source.knut comment.line.asterisk.knut markup.heading.knut
>** a nested heading
#^^ source.knut comment.line.asterisk.knut punctuation.definition.comment.knut
#  ^^^^^^^^^^^^^^^^^ source.knut comment.line.asterisk.knut markup.heading.knut
>
>include "prices/2025.knut"
#^^^^^^^ source.knut meta.directive.include.knut keyword.control.directive.knut
#       ^ source.knut meta.directive.include.knut
#        ^ source.knut meta.directive.include.knut string.quoted.double.knut punctuation.definition.string.begin.knut
#         ^^^^^^^^^^^^^^^^ source.knut meta.directive.include.knut string.quoted.double.knut
#                         ^ source.knut meta.directive.include.knut string.quoted.double.knut punctuation.definition.string.end.knut
>
>2025-01-01 open Assets:Bank:Checking
#^^^^^^^^^^ source.knut meta.directive.knut constant.numeric.date.knut
#          ^ source.knut meta.directive.knut
#           ^^^^ source.knut meta.directive.knut keyword.control.directive.knut
#               ^ source.knut meta.directive.knut
#                ^^^^^^ source.knut meta.directive.knut entity.name.type.account.knut support.class.account-type.knut
#                      ^ source.knut meta.directive.knut entity.name.type.account.knut punctuation.separator.account.knut
#                       ^^^^ source.knut meta.directive.knut entity.name.type.account.knut
#                           ^ source.knut meta.directive.knut entity.name.type.account.knut punctuation.separator.account.knut
#                            ^^^^^^^^ source.knut meta.directive.knut entity.name.type.account.knut
>2025-01-01 open Income:Salary
#^^^^^^^^^^ source.knut meta.directive.knut constant.numeric.date.knut
#          ^ source.knut meta.directive.knut
#           ^^^^ source.knut meta.directive.knut keyword.control.directive.knut
#               ^ source.knut meta.directive.knut
#                ^^^^^^ source.knut meta.directive.knut entity.name.type.account.knut support.class.account-type.knut
#                      ^ source.knut meta.directive.knut entity.name.type.account.knut punctuation.separator.account.knut
#                       ^^^^^^ source.knut meta.directive.knut entity.name.type.account.knut
>2025-12-31 close Expenses:Food:Restaurants
#^^^^^^^^^^ source.knut meta.directive.knut constant.numeric.date.knut
#          ^ source.knut meta.directive.knut
#           ^^^^^ source.knut meta.directive.knut keyword.control.directive.knut
#                ^ source.knut meta.directive.knut
#                 ^^^^^^^^ source.knut meta.directive.knut entity.name.type.account.knut support.class.account-type.knut
#                         ^ source.knut meta.directive.knut entity.name.type.account.knut punctuation.separator.account.knut
#                          ^^^^ source.knut meta.directive.knut entity.name.type.account.knut
#                              ^ source.knut meta.directive.knut entity.name.type.account.knut punctuation.separator.account.knut
#                               ^^^^^^^^^^^ source.knut meta.directive.knut entity.name.type.account.knut
>
>2025-01-25 "Salary January"
#^^^^^^^^^^ source.knut meta.transaction.knut constant.numeric.date.knut
#          ^ source.knut meta.transaction.knut
#           ^ source.knut meta.transaction.knut string.quoted.double.knut punctuation.definition.string.begin.knut
#            ^^^^^^^^^^^^^^ source.knut meta.transaction.knut string.quoted.double.knut
#                          ^ source.knut meta.transaction.knut string.quoted.double.knut punctuation.definition.string.end.knut
>Income:Salary                Assets:Bank:Checking            6500.00 CHF
#^^^^^^ source.knut meta.booking.knut entity.name.type.account.knut support.class.account-type.knut
#      ^ source.knut meta.booking.knut entity.name.type.account.knut punctuation.separator.account.knut
#       ^^^^^^ source.knut meta.booking.knut entity.name.type.account.knut
#             ^^^^^^^^^^^^^^^^ source.knut meta.booking.knut
#                             ^^^^^^ source.knut meta.booking.knut entity.name.type.account.knut support.class.account-type.knut
#                                   ^ source.knut meta.booking.knut entity.name.type.account.knut punctuation.separator.account.knut
#                                    ^^^^ source.knut meta.booking.knut entity.name.type.account.knut
#                                        ^ source.knut meta.booking.knut entity.name.type.account.knut punctuation.separator.account.knut
#                                         ^^^^^^^^ source.knut meta.booking.knut entity.name.type.account.knut
#                                                 ^^^^^^^^^^^^ source.knut meta.booking.knut
#                                                             ^^^^^^^ source.knut meta.booking.knut constant.numeric.knut
#                                                                    ^ source.knut meta.booking.knut
#                                                                     ^^^ source.knut meta.booking.knut support.type.commodity.knut
>
>2025-01-31 "Rent and groceries"
#^^^^^^^^^^ source.knut meta.transaction.knut constant.numeric.date.knut
#          ^ source.knut meta.transaction.knut
#           ^ source.knut meta.transaction.knut string.quoted.double.knut punctuation.definition.string.begin.knut
#            ^^^^^^^^^^^^^^^^^^ source.knut meta.transaction.knut string.quoted.double.knut
#                              ^ source.knut meta.transaction.knut string.quoted.double.knut punctuation.definition.string.end.knut
>Assets:Bank:Checking         Expenses:Housing:Rent           1800.00 CHF
#^^^^^^ source.knut meta.booking.knut entity.name.type.account.knut support.class.account-type.knut
#      ^ source.knut meta.booking.knut entity.name.type.account.knut punctuation.separator.account.knut
#       ^^^^ source.knut meta.booking.knut entity.name.type.account.knut
#           ^ source.knut meta.booking.knut entity.name.type.account.knut punctuation.separator.account.knut
#            ^^^^^^^^ source.knut meta.booking.knut entity.name.type.account.knut
#                    ^^^^^^^^^ source.knut meta.booking.knut
#                             ^^^^^^^^ source.knut meta.booking.knut entity.name.type.account.knut support.class.account-type.knut
#                                     ^ source.knut meta.booking.knut entity.name.type.account.knut punctuation.separator.account.knut
#                                      ^^^^^^^ source.knut meta.booking.knut entity.name.type.account.knut
#                                             ^ source.knut meta.booking.knut entity.name.type.account.knut punctuation.separator.account.knut
#                                              ^^^^ source.knut meta.booking.knut entity.name.type.account.knut
#                                                  ^^^^^^^^^^^ source.knut meta.booking.knut
#                                                             ^^^^^^^ source.knut meta.booking.knut constant.numeric.knut
#                                                                    ^ source.knut meta.booking.knut
#                                                                     ^^^ source.knut meta.booking.knut support.type.commodity.knut
>Assets:Bank:Checking         Expenses:Food:Groceries          420.50 CHF
#^^^^^^ source.knut meta.booking.knut entity.name.type.account.knut support.class.account-type.knut
#      ^ source.knut meta.booking.knut entity.name.type.account.knut punctuation.separator.account.knut
#       ^^^^ source.knut meta.booking.knut entity.name.type.account.knut
#           ^ source.knut meta.booking.knut entity.name.type.account.knut punctuation.separator.account.knut
#            ^^^^^^^^ source.knut meta.booking.knut entity.name.type.account.knut
#                    ^^^^^^^^^ source.knut meta.booking.knut
#                             ^^^^^^^^ source.knut meta.booking.knut entity.name.type.account.knut support.class.account-type.knut
#                                     ^ source.knut meta.booking.knut entity.name.type.account.knut punctuation.separator.account.knut
#                                      ^^^^ source.knut meta.booking.knut entity.name.type.account.knut
#                                          ^ source.knut meta.booking.knut entity.name.type.account.knut punctuation.separator.account.knut
#                                           ^^^^^^^^^ source.knut meta.booking.knut entity.name.type.account.knut
#                                                    ^^^^^^^^^^ source.knut meta.booking.knut
#                                                              ^^^^^^ source.knut meta.booking.knut constant.numeric.knut
#                                                                    ^ source.knut meta.booking.knut
#                                                                     ^^^ source.knut meta.booking.knut support.type.commodity.knut
>
>2025-02-28 "Grocery refund"
#^^^^^^^^^^ source.knut meta.transaction.knut constant.numeric.date.knut
#          ^ source.knut meta.transaction.knut
#           ^ source.knut meta.transaction.knut string.quoted.double.knut punctuation.definition.string.begin.knut
#            ^^^^^^^^^^^^^^ source.knut meta.transaction.knut string.quoted.double.knut
#                          ^ source.knut meta.transaction.knut string.quoted.double.knut punctuation.definition.string.end.knut
>Expenses:Food:Groceries      Assets:Bank:Checking             -30.00 CHF
#^^^^^^^^ source.knut meta.booking.knut entity.name.type.account.knut support.class.account-type.knut
#        ^ source.knut meta.booking.knut entity.name.type.account.knut punctuation.separator.account.knut
#         ^^^^ source.knut meta.booking.knut entity.name.type.account.knut
#             ^ source.knut meta.booking.knut entity.name.type.account.knut punctuation.separator.account.knut
#              ^^^^^^^^^ source.knut meta.booking.knut entity.name.type.account.knut
#                       ^^^^^^ source.knut meta.booking.knut
#                             ^^^^^^ source.knut meta.booking.knut entity.name.type.account.knut support.class.account-type.knut
#                                   ^ source.knut meta.booking.knut entity.name.type.account.knut punctuation.separator.account.knut
#                                    ^^^^ source.knut meta.booking.knut entity.name.type.account.knut
#                                        ^ source.knut meta.booking.knut entity.name.type.account.knut punctuation.separator.account.knut
#                                         ^^^^^^^^ source.knut meta.booking.knut entity.name.type.account.knut
#                                                 ^^^^^^^^^^^^^ source.knut meta.booking.knut
#                                                              ^^^^^^ source.knut meta.booking.knut constant.numeric.knut
#                                                                    ^ source.knut meta.booking.knut
#                                                                     ^^^ source.knut meta.booking.knut support.type.commodity.knut
>
>2025-01-06 price AAPL 74.33 USD
#^^^^^^^^^^ source.knut meta.directive.price.knut constant.numeric.date.knut
#          ^ source.knut meta.directive.price.knut
#           ^^^^^ source.knut meta.directive.price.knut keyword.control.directive.knut
#                ^ source.knut meta.directive.price.knut
#                 ^^^^ source.knut meta.directive.price.knut support.type.commodity.knut
#                     ^ source.knut meta.directive.price.knut
#                      ^^^^^ source.knut meta.directive.price.knut constant.numeric.knut
#                           ^ source.knut meta.directive.price.knut
#                            ^^^ source.knut meta.directive.price.knut support.type.commodity.knut
>2025-01-07 price USD 0.88 CHF
#^^^^^^^^^^ source.knut meta.directive.price.knut constant.numeric.date.knut
#          ^ source.knut meta.directive.price.knut
#           ^^^^^ source.knut meta.directive.price.knut keyword.control.directive.knut
#                ^ source.knut meta.directive.price.knut
#                 ^^^ source.knut meta.directive.price.knut support.type.commodity.knut
#                    ^ source.knut meta.directive.price.knut
#                     ^^^^ source.knut meta.directive.price.knut constant.numeric.knut
#                         ^ source.knut meta.directive.price.knut
#                          ^^^ source.knut meta.directive.price.knut support.type.commodity.knut
>
>2025-01-31 balance Assets:Bank:Checking 11800 CHF
#^^^^^^^^^^ source.knut meta.directive.knut constant.numeric.date.knut
#          ^ source.knut meta.directive.knut
#           ^^^^^^^ source.knut meta.directive.knut keyword.control.directive.knut
#                  ^ source.knut meta.directive.knut
#                   ^^^^^^ source.knut meta.directive.knut entity.name.type.account.knut support.class.account-type.knut
#                         ^ source.knut meta.directive.knut entity.name.type.account.knut punctuation.separator.account.knut
#                          ^^^^ source.knut meta.directive.knut entity.name.type.account.knut
#                              ^ source.knut meta.directive.knut entity.name.type.account.knut punctuation.separator.account.knut
#                               ^^^^^^^^ source.knut meta.directive.knut entity.name.type.account.knut
#                                       ^ source.knut meta.directive.knut
#                                        ^^^^^ source.knut meta.directive.knut constant.numeric.knut
#                                             ^ source.knut meta.directive.knut
#                                              ^^^ source.knut meta.directive.knut support.type.commodity.knut
>
>2025-01-31 balance
#^^^^^^^^^^ source.knut meta.directive.knut constant.numeric.date.knut
#          ^ source.knut meta.directive.knut
#           ^^^^^^^ source.knut meta.directive.knut keyword.control.directive.knut
>Assets:Bank:Checking 11800 CHF
#^^^^^^ source.knut meta.booking.knut entity.name.type.account.knut support.class.account-type.knut
#      ^ source.knut meta.booking.knut entity.name.type.account.knut punctuation.separator.account.knut
#       ^^^^ source.knut meta.booking.knut entity.name.type.account.knut
#           ^ source.knut meta.booking.knut entity.name.type.account.knut punctuation.separator.account.knut
#            ^^^^^^^^ source.knut meta.booking.knut entity.name.type.account.knut
#                    ^ source.knut meta.booking.knut
#                     ^^^^^ source.knut meta.booking.knut constant.numeric.knut
#                          ^ source.knut meta.booking.knut
#                           ^^^ source.knut meta.booking.knut support.type.commodity.knut
>Assets:Portfolio 12 AAPL
#^^^^^^ source.knut meta.booking.knut entity.name.type.account.knut support.class.account-type.knut
#      ^ source.knut meta.booking.knut entity.name.type.account.knut punctuation.separator.account.knut
#       ^^^^^^^^^ source.knut meta.booking.knut entity.name.type.account.knut
#                ^ source.knut meta.booking.knut
#                 ^^ source.knut meta.booking.knut constant.numeric.knut
#                   ^ source.knut meta.booking.knut
#                    ^^^^ source.knut meta.booking.knut support.type.commodity.knut
>
>@performance(VT,USD)
#^ source.knut meta.annotation.performance.knut punctuation.definition.annotation.knut
# ^^^^^^^^^^^ source.knut meta.annotation.performance.knut entity.name.function.decorator.knut
#            ^ source.knut meta.annotation.performance.knut punctuation.section.parens.begin.knut
#             ^^ source.knut meta.annotation.performance.knut support.type.commodity.knut
#               ^ source.knut meta.annotation.performance.knut punctuation.separator.comma.knut
#                ^^^ source.knut meta.annotation.performance.knut support.type.commodity.knut
#                   ^ source.knut meta.annotation.performance.knut punctuation.section.parens.end.knut
>2026-06-24
#^^^^^^^^^^ source.knut meta.transaction.description.knut constant.numeric.date.knut
>  Buy 11 VT @ 154.45 USD
#^^^^^^^^^^^^^^^^^^^^^^^^ source.knut meta.transaction.description.knut string.unquoted.description.knut
>  over two description lines
#^^^^^^^^^^^^^^^^^^^^^^^^^^^^ source.knut meta.transaction.description.knut string.unquoted.description.knut
>Assets:Investments:IBKR
#^^^^^^ source.knut meta.booking.knut entity.name.type.account.knut support.class.account-type.knut
#      ^ source.knut meta.booking.knut entity.name.type.account.knut punctuation.separator.account.knut
#       ^^^^^^^^^^^ source.knut meta.booking.knut entity.name.type.account.knut
#                  ^ source.knut meta.booking.knut entity.name.type.account.knut punctuation.separator.account.knut
#                   ^^^^ source.knut meta.booking.knut entity.name.type.account.knut
>-> Expenses:Investments:Trading    1698.95 USD
#^^ source.knut meta.booking.knut keyword.operator.arrow.knut
#  ^ source.knut meta.booking.knut
#   ^^^^^^^^ source.knut meta.booking.knut entity.name.type.account.knut support.class.account-type.knut
#           ^ source.knut meta.booking.knut entity.name.type.account.knut punctuation.separator.account.knut
#            ^^^^^^^^^^^ source.knut meta.booking.knut entity.name.type.account.knut
#                       ^ source.knut meta.booking.knut entity.name.type.account.knut punctuation.separator.account.knut
#                        ^^^^^^^ source.knut meta.booking.knut entity.name.type.account.knut
#                               ^^^^ source.knut meta.booking.knut
#                                   ^^^^^^^ source.knut meta.booking.knut constant.numeric.knut
#                                          ^ source.knut meta.booking.knut
#                                           ^^^ source.knut meta.booking.knut support.type.commodity.knut
>-> Expenses:Investments:Fees          1.00 USD
#^^ source.knut meta.booking.knut keyword.operator.arrow.knut
#  ^ source.knut meta.booking.knut
#   ^^^^^^^^ source.knut meta.booking.knut entity.name.type.account.knut support.class.account-type.knut
#           ^ source.knut meta.booking.knut entity.name.type.account.knut punctuation.separator.account.knut
#            ^^^^^^^^^^^ source.knut meta.booking.knut entity.name.type.account.knut
#                       ^ source.knut meta.booking.knut entity.name.type.account.knut punctuation.separator.account.knut
#                        ^^^^ source.knut meta.booking.knut entity.name.type.account.knut
#                            ^^^^^^^^^^ source.knut meta.booking.knut
#                                      ^^^^ source.knut meta.booking.knut constant.numeric.knut
#                                          ^ source.knut meta.booking.knut
#                                           ^^^ source.knut meta.booking.knut support.type.commodity.knut
>
>@performance()
#^ source.knut meta.annotation.performance.knut punctuation.definition.annotation.knut
# ^^^^^^^^^^^ source.knut meta.annotation.performance.knut entity.name.function.decorator.knut
#            ^ source.knut meta.annotation.performance.knut punctuation.section.parens.begin.knut
#             ^ source.knut meta.annotation.performance.knut punctuation.section.parens.end.knut
>2024-03-31 "Custody fee"
#^^^^^^^^^^ source.knut meta.transaction.knut constant.numeric.date.knut
#          ^ source.knut meta.transaction.knut
#           ^ source.knut meta.transaction.knut string.quoted.double.knut punctuation.definition.string.begin.knut
#            ^^^^^^^^^^^ source.knut meta.transaction.knut string.quoted.double.knut
#                       ^ source.knut meta.transaction.knut string.quoted.double.knut punctuation.definition.string.end.knut
>Assets:Portfolio             Expenses:Fees                     12.50 CHF
#^^^^^^ source.knut meta.booking.knut entity.name.type.account.knut support.class.account-type.knut
#      ^ source.knut meta.booking.knut entity.name.type.account.knut punctuation.separator.account.knut
#       ^^^^^^^^^ source.knut meta.booking.knut entity.name.type.account.knut
#                ^^^^^^^^^^^^^ source.knut meta.booking.knut
#                             ^^^^^^^^ source.knut meta.booking.knut entity.name.type.account.knut support.class.account-type.knut
#                                     ^ source.knut meta.booking.knut entity.name.type.account.knut punctuation.separator.account.knut
#                                      ^^^^ source.knut meta.booking.knut entity.name.type.account.knut
#                                          ^^^^^^^^^^^^^^^^^^^^^ source.knut meta.booking.knut
#                                                               ^^^^^ source.knut meta.booking.knut constant.numeric.knut
#                                                                    ^ source.knut meta.booking.knut
#                                                                     ^^^ source.knut meta.booking.knut support.type.commodity.knut
>
>@accrue quarterly 2020-01-01 2020-12-31 Assets:Prepaid
#^ source.knut meta.annotation.accrual.knut punctuation.definition.annotation.knut
# ^^^^^^ source.knut meta.annotation.accrual.knut entity.name.function.decorator.knut
#       ^ source.knut meta.annotation.accrual.knut
#        ^^^^^^^^^ source.knut meta.annotation.accrual.knut constant.language.interval.knut
#                 ^ source.knut meta.annotation.accrual.knut
#                  ^^^^^^^^^^ source.knut meta.annotation.accrual.knut constant.numeric.date.knut
#                            ^ source.knut meta.annotation.accrual.knut
#                             ^^^^^^^^^^ source.knut meta.annotation.accrual.knut constant.numeric.date.knut
#                                       ^ source.knut meta.annotation.accrual.knut
#                                        ^^^^^^ source.knut meta.annotation.accrual.knut entity.name.type.account.knut support.class.account-type.knut
#                                              ^ source.knut meta.annotation.accrual.knut entity.name.type.account.knut punctuation.separator.account.knut
#                                               ^^^^^^^ source.knut meta.annotation.accrual.knut entity.name.type.account.knut
>2020-03-24 "Insurance 2020"
#^^^^^^^^^^ source.knut meta.transaction.knut constant.numeric.date.knut
#          ^ source.knut meta.transaction.knut
#           ^ source.knut meta.transaction.knut string.quoted.double.knut punctuation.definition.string.begin.knut
#            ^^^^^^^^^^^^^^ source.knut meta.transaction.knut string.quoted.double.knut
#                          ^ source.knut meta.transaction.knut string.quoted.double.knut punctuation.definition.string.end.knut
>Assets:Checking              Expenses:Insurance                 1200 CHF
#^^^^^^ source.knut meta.booking.knut entity.name.type.account.knut support.class.account-type.knut
#      ^ source.knut meta.booking.knut entity.name.type.account.knut punctuation.separator.account.knut
#       ^^^^^^^^ source.knut meta.booking.knut entity.name.type.account.knut
#               ^^^^^^^^^^^^^^ source.knut meta.booking.knut
#                             ^^^^^^^^ source.knut meta.booking.knut entity.name.type.account.knut support.class.account-type.knut
#                                     ^ source.knut meta.booking.knut entity.name.type.account.knut punctuation.separator.account.knut
#                                      ^^^^^^^^^ source.knut meta.booking.knut entity.name.type.account.knut
#                                               ^^^^^^^^^^^^^^^^^ source.knut meta.booking.knut
#                                                                ^^^^ source.knut meta.booking.knut constant.numeric.knut
#                                                                    ^ source.knut meta.booking.knut
#                                                                     ^^^ source.knut meta.booking.knut support.type.commodity.knut
>
>2025-03-01
#^^^^^^^^^^ source.knut meta.transaction.description.knut constant.numeric.date.knut
>  Interest, both directions
#^^^^^^^^^^^^^^^^^^^^^^^^^^^ source.knut meta.transaction.description.knut string.unquoted.description.knut
>Assets:Bank
#^^^^^^ source.knut meta.booking.knut entity.name.type.account.knut support.class.account-type.knut
#      ^ source.knut meta.booking.knut entity.name.type.account.knut punctuation.separator.account.knut
#       ^^^^ source.knut meta.booking.knut entity.name.type.account.knut
>-> Expenses:Fees                      1.00 CHF
#^^ source.knut meta.booking.knut keyword.operator.arrow.knut
#  ^ source.knut meta.booking.knut
#   ^^^^^^^^ source.knut meta.booking.knut entity.name.type.account.knut support.class.account-type.knut
#           ^ source.knut meta.booking.knut entity.name.type.account.knut punctuation.separator.account.knut
#            ^^^^ source.knut meta.booking.knut entity.name.type.account.knut
#                ^^^^^^^^^^^^^^^^^^^^^^ source.knut meta.booking.knut
#                                      ^^^^ source.knut meta.booking.knut constant.numeric.knut
#                                          ^ source.knut meta.booking.knut
#                                           ^^^ source.knut meta.booking.knut support.type.commodity.knut
><- Income:Interest                    4.20 CHF
#^^ source.knut meta.booking.knut keyword.operator.arrow.knut
#  ^ source.knut meta.booking.knut
#   ^^^^^^ source.knut meta.booking.knut entity.name.type.account.knut support.class.account-type.knut
#         ^ source.knut meta.booking.knut entity.name.type.account.knut punctuation.separator.account.knut
#          ^^^^^^^^ source.knut meta.booking.knut entity.name.type.account.knut
#                  ^^^^^^^^^^^^^^^^^^^^ source.knut meta.booking.knut
#                                      ^^^^ source.knut meta.booking.knut constant.numeric.knut
#                                          ^ source.knut meta.booking.knut
#                                           ^^^ source.knut meta.booking.knut support.type.commodity.knut
>
>virtual Assets:Liquid
#^^^^^^^ source.knut meta.directive.virtual.knut keyword.control.directive.knut
#       ^ source.knut meta.directive.virtual.knut
#        ^^^^^^ source.knut meta.directive.virtual.knut entity.name.type.account.knut support.class.account-type.knut
#              ^^^^^^^ source.knut meta.directive.virtual.knut entity.name.type.account.knut
>Assets:Checking
#^^^^^^^^^^^^^^^ source.knut meta.directive.virtual.knut string.regexp.knut
>Assets:Savings
#^^^^^^^^^^^^^^ source.knut meta.directive.virtual.knut string.regexp.knut
>Liabilities:CreditCard
#^^^^^^^^^^^^^^^^^^^^^^ source.knut meta.directive.virtual.knut string.regexp.knut
>
>2025-04-01 open Assets:Bank:Konto2
#^^^^^^^^^^ source.knut meta.directive.knut constant.numeric.date.knut
#          ^ source.knut meta.directive.knut
#           ^^^^ source.knut meta.directive.knut keyword.control.directive.knut
#               ^ source.knut meta.directive.knut
#                ^^^^^^ source.knut meta.directive.knut entity.name.type.account.knut support.class.account-type.knut
#                      ^ source.knut meta.directive.knut entity.name.type.account.knut punctuation.separator.account.knut
#                       ^^^^ source.knut meta.directive.knut entity.name.type.account.knut
#                           ^ source.knut meta.directive.knut entity.name.type.account.knut punctuation.separator.account.knut
#                            ^^^^^^ source.knut meta.directive.knut entity.name.type.account.knut
>